Release 14.7 - xst P.20131013 (nt64)
Copyright (c) 1995-2013 Xilinx, Inc.  All rights reserved.
--> Parameter TMPDIR set to xst/projnav.tmp


Total REAL time to Xst completion: 0.00 secs
Total CPU time to Xst completion: 0.30 secs
 
--> Parameter xsthdpdir set to xst


Total REAL time to Xst completion: 0.00 secs
Total CPU time to Xst completion: 0.31 secs
 
--> Reading design: senales.prj

TABLE OF CONTENTS
  1) Synthesis Options Summary
  2) HDL Compilation
  3) Design Hierarchy Analysis
  4) HDL Analysis
  5) HDL Synthesis
     5.1) HDL Synthesis Report
  6) Advanced HDL Synthesis
     6.1) Advanced HDL Synthesis Report
  7) Low Level Synthesis
  8) Partition Report
  9) Final Report
	9.1) Device utilization summary
	9.2) Partition Resource Summary
	9.3) TIMING REPORT


=========================================================================
*                      Synthesis Options Summary                        *
=========================================================================
---- Source Parameters
Input File Name                    : "senales.prj"
Input Format                       : mixed
Ignore Synthesis Constraint File   : NO

---- Target Parameters
Output File Name                   : "senales"
Output Format                      : NGC
Target Device                      : xc3s50a-5-tq144

---- Source Options
Top Module Name                    : senales
Automatic FSM Extraction           : YES
FSM Encoding Algorithm             : Auto
Safe Implementation                : No
FSM Style                          : LUT
RAM Extraction                     : Yes
RAM Style                          : Auto
ROM Extraction                     : Yes
Mux Style                          : Auto
Decoder Extraction                 : YES
Priority Encoder Extraction        : Yes
Shift Register Extraction          : YES
Logical Shifter Extraction         : YES
XOR Collapsing                     : YES
ROM Style                          : Auto
Mux Extraction                     : Yes
Resource Sharing                   : YES
Asynchronous To Synchronous        : NO
Multiplier Style                   : Auto
Automatic Register Balancing       : No

---- Target Options
Add IO Buffers                     : YES
Global Maximum Fanout              : 100000
Add Generic Clock Buffer(BUFG)     : 24
Register Duplication               : YES
Slice Packing                      : YES
Optimize Instantiated Primitives   : NO
Use Clock Enable                   : Yes
Use Synchronous Set                : Yes
Use Synchronous Reset              : Yes
Pack IO Registers into IOBs        : Auto
Equivalent register Removal        : YES

---- General Options
Optimization Goal                  : Speed
Optimization Effort                : 1
Keep Hierarchy                     : No
Netlist Hierarchy                  : As_Optimized
RTL Output                         : Yes
Global Optimization                : AllClockNets
Read Cores                         : YES
Write Timing Constraints           : NO
Cross Clock Analysis               : NO
Hierarchy Separator                : /
Bus Delimiter                      : <>
Case Specifier                     : Maintain
Slice Utilization Ratio            : 100
BRAM Utilization Ratio             : 100
Verilog 2001                       : YES
Auto BRAM Packing                  : NO
Slice Utilization Ratio Delta      : 5

=========================================================================


=========================================================================
*                          HDL Compilation                              *
=========================================================================
Compiling vhdl file "C:/Users/David/Documents/FPGA/Primera practica/PrimeraPractica/senales.vhd" in Library work.
Architecture behavioral of Entity senales is up to date.

=========================================================================
*                     Design Hierarchy Analysis                         *
=========================================================================
Analyzing hierarchy for entity <senales> in library <work> (architecture <behavioral>).


=========================================================================
*                            HDL Analysis                               *
=========================================================================
Analyzing Entity <senales> in library <work> (Architecture <behavioral>).
Entity <senales> analyzed. Unit <senales> generated.


=========================================================================
*                           HDL Synthesis                               *
=========================================================================

Performing bidirectional port resolution...

Synthesizing Unit <senales>.
    Related source file is "C:/Users/David/Documents/FPGA/Primera practica/PrimeraPractica/senales.vhd".
    Found 64x8-bit ROM for signal <salida$mux0002> created at line 46.
    Found 8-bit register for signal <salida>.
    Found 17-bit up counter for signal <cont>.
    Found 13-bit up counter for signal <contador>.
    Found 6-bit up counter for signal <contador2>.
    Found 1-bit register for signal <temporal>.
    Summary:
	inferred   1 ROM(s).
	inferred   3 Counter(s).
	inferred   9 D-type flip-flop(s).
Unit <senales> synthesized.


=========================================================================
HDL Synthesis Report

Macro Statistics
# ROMs                                                 : 1
 64x8-bit ROM                                          : 1
# Counters                                             : 3
 13-bit up counter                                     : 1
 17-bit up counter                                     : 1
 6-bit up counter                                      : 1
# Registers                                            : 2
 1-bit register                                        : 1
 8-bit register                                        : 1

=========================================================================

=========================================================================
*                       Advanced HDL Synthesis                          *
=========================================================================


Synthesizing (advanced) Unit <senales>.
INFO:Xst:3034 - In order to maximize performance and save block RAM resources, the small ROM <Mrom_salida_mux0002> will be implemented on LUT. If you want to force its implementation on block, use option/constraint rom_style.
Unit <senales> synthesized (advanced).

=========================================================================
Advanced HDL Synthesis Report

Macro Statistics
# ROMs                                                 : 1
 64x8-bit ROM                                          : 1
# Counters                                             : 3
 13-bit up counter                                     : 1
 17-bit up counter                                     : 1
 6-bit up counter                                      : 1
# Registers                                            : 9
 Flip-Flops                                            : 9

=========================================================================

=========================================================================
*                         Low Level Synthesis                           *
=========================================================================

Optimizing unit <senales> ...

Mapping all equations...
Building and optimizing final netlist ...
Found area constraint ratio of 100 (+ 5) on block senales, actual ratio is 5.

Final Macro Processing ...

=========================================================================
Final Register Report

Macro Statistics
# Registers                                            : 45
 Flip-Flops                                            : 45

=========================================================================

=========================================================================
*                           Partition Report                            *
=========================================================================

Partition Implementation Status
-------------------------------

  No Partitions were found in this design.

-------------------------------

=========================================================================
*                            Final Report                               *
=========================================================================
Final Results
RTL Top Level Output File Name     : senales.ngr
Top Level Output File Name         : senales
Output Format                      : NGC
Optimization Goal                  : Speed
Keep Hierarchy                     : No

Design Statistics
# IOs                              : 12

Cell Usage :
# BELS                             : 156
#      GND                         : 1
#      INV                         : 4
#      LUT1                        : 29
#      LUT2                        : 3
#      LUT3                        : 4
#      LUT3_L                      : 1
#      LUT4                        : 28
#      LUT4_D                      : 2
#      LUT4_L                      : 1
#      MUXCY                       : 33
#      MUXF5                       : 12
#      MUXF6                       : 7
#      VCC                         : 1
#      XORCY                       : 30
# FlipFlops/Latches                : 45
#      FDCE                        : 1
#      FDR                         : 38
#      FDRE                        : 6
# Clock Buffers                    : 1
#      BUFGP                       : 1
# IO Buffers                       : 11
#      IBUF                        : 2
#      OBUF                        : 9
=========================================================================

Device utilization summary:
---------------------------

Selected Device : 3s50atq144-5 

 Number of Slices:                       40  out of    704     5%  
 Number of Slice Flip Flops:             45  out of   1408     3%  
 Number of 4 input LUTs:                 72  out of   1408     5%  
 Number of IOs:                          12
 Number of bonded IOBs:                  12  out of    108    11%  
 Number of GCLKs:                         1  out of     24     4%  

---------------------------
Partition Resource Summary:
---------------------------

  No Partitions were found in this design.

---------------------------


=========================================================================
TIMING REPORT

NOTE: THESE TIMING NUMBERS ARE ONLY A SYNTHESIS ESTIMATE.
      FOR ACCURATE TIMING INFORMATION PLEASE REFER TO THE TRACE REPORT
      GENERATED AFTER PLACE-and-ROUTE.

Clock Information:
------------------
-----------------------------------+------------------------+-------+
Clock Signal                       | Clock buffer(FF name)  | Load  |
-----------------------------------+------------------------+-------+
clk                                | BUFGP                  | 45    |
-----------------------------------+------------------------+-------+

Asynchronous Control Signals Information:
----------------------------------------
-----------------------------------+------------------------+-------+
Control Signal                     | Buffer(FF name)        | Load  |
-----------------------------------+------------------------+-------+
swt2                               | IBUF                   | 1     |
-----------------------------------+------------------------+-------+

Timing Summary:
---------------
Speed Grade: -5

   Minimum period: 4.196ns (Maximum Frequency: 238.334MHz)
   Minimum input arrival time before clock: 1.902ns
   Maximum output required time after clock: 5.271ns
   Maximum combinational path delay: No path found

Timing Detail:
--------------
All values displayed in nanoseconds (ns)

=========================================================================
Timing constraint: Default period analysis for Clock 'clk'
  Clock period: 4.196ns (frequency: 238.334MHz)
  Total number of paths / destination ports: 1038 / 88
-------------------------------------------------------------------------
Delay:               4.196ns (Levels of Logic = 2)
  Source:            contador2_0 (FF)
  Destination:       contador2_0 (FF)
  Source Clock:      clk rising
  Destination Clock: clk rising

  Data Path: contador2_0 to contador2_0
                                Gate     Net
    Cell:in->out      fanout   Delay   Delay  Logical Name (Net Name)
    ----------------------------------------  ------------
     FDRE:C->Q            24   0.495   1.172  contador2_0 (contador2_0)
     LUT4_D:I0->O          2   0.561   0.403  Mcount_contador2_xor<4>111 (N3)
     LUT4:I2->O            6   0.561   0.569  contador2_and00002 (contador2_and0000)
     FDRE:R                    0.435          contador2_0
    ----------------------------------------
    Total                      4.196ns (2.052ns logic, 2.144ns route)
                                       (48.9% logic, 51.1% route)

=========================================================================
Timing constraint: Default OFFSET IN BEFORE for Clock 'clk'
  Total number of paths / destination ports: 8 / 8
-------------------------------------------------------------------------
Offset:              1.902ns (Levels of Logic = 1)
  Source:            swt1 (PAD)
  Destination:       salida_0 (FF)
  Destination Clock: clk rising

  Data Path: swt1 to salida_0
                                Gate     Net
    Cell:in->out      fanout   Delay   Delay  Logical Name (Net Name)
    ----------------------------------------  ------------
     IBUF:I->O             8   0.824   0.643  swt1_IBUF (swt1_IBUF)
     FDR:R                     0.435          salida_0
    ----------------------------------------
    Total                      1.902ns (1.259ns logic, 0.643ns route)
                                       (66.2% logic, 33.8% route)

=========================================================================
Timing constraint: Default OFFSET OUT AFTER for Clock 'clk'
  Total number of paths / destination ports: 9 / 9
-------------------------------------------------------------------------
Offset:              5.271ns (Levels of Logic = 1)
  Source:            temporal (FF)
  Destination:       salida2 (PAD)
  Source Clock:      clk rising

  Data Path: temporal to salida2
                                Gate     Net
    Cell:in->out      fanout   Delay   Delay  Logical Name (Net Name)
    ----------------------------------------  ------------
     FDCE:C->Q             2   0.495   0.380  temporal (temporal)
     OBUF:I->O                 4.396          salida2_OBUF (salida2)
    ----------------------------------------
    Total                      5.271ns (4.891ns logic, 0.380ns route)
                                       (92.8% logic, 7.2% route)

=========================================================================


Total REAL time to Xst completion: 7.00 secs
Total CPU time to Xst completion: 7.72 secs
 
--> 

Total memory usage is 306092 kilobytes

Number of errors   :    0 (   0 filtered)
Number of warnings :    0 (   0 filtered)
Number of infos    :    1 (   0 filtered)

