AR main behavioral C:/Users/David/Desktop/MaquinaDeEstados/MaquinaDeEstados/main.vhd sub00/vhpl01 1553057308
AR displays behavioral C:/Users/David/Desktop/MaquinaDeEstados/MaquinaDeEstados/displays.vhd sub00/vhpl03 1553057306
EN main NULL C:/Users/David/Desktop/MaquinaDeEstados/MaquinaDeEstados/main.vhd sub00/vhpl00 1553057307
EN displays NULL C:/Users/David/Desktop/MaquinaDeEstados/MaquinaDeEstados/displays.vhd sub00/vhpl02 1553057305
