AR main behavioral C:/Users/David/Documents/FPGA/CLASE2/main.vhd sub00/vhpl03 1551820176
AR displays behavioral C:/Users/David/Documents/FPGA/CLASE2/displays.vhd sub00/vhpl01 1551820174
EN main NULL C:/Users/David/Documents/FPGA/CLASE2/main.vhd sub00/vhpl02 1551820175
EN displays NULL C:/Users/David/Documents/FPGA/CLASE2/displays.vhd sub00/vhpl00 1551820173
