EN proyecto NULL "C:/Users/David/Documents/FPGA/Primera practica/ProyectoC/Proyecto.vhd" sub00/vhpl00 1544797736
EN reloj NULL "C:/Users/David/Documents/FPGA/Primera practica/ProyectoC/Proyecto.vhd" sub00/vhpl02 1544762366
AR proyecto behavioral "C:/Users/David/Documents/FPGA/Primera practica/ProyectoC/Proyecto.vhd" sub00/vhpl01 1544797737
AR reloj behavioral "C:/Users/David/Documents/FPGA/Primera practica/ProyectoC/Proyecto.vhd" sub00/vhpl03 1544762367
