AR main behavioral C:/Users/dey_d/Documents/FPGA/displays/main.vhd sub00/vhpl03 1581520352
AR displays behavioral C:/Users/dey_d/Documents/FPGA/displays/displays.vhd sub00/vhpl01 1581520350
EN main NULL C:/Users/dey_d/Documents/FPGA/displays/main.vhd sub00/vhpl02 1581520351
EN displays NULL C:/Users/dey_d/Documents/FPGA/displays/displays.vhd sub00/vhpl00 1581520349
